// Jest Snapshot v1, https://goo.gl/fbAQLP

exports[`App renders App correctly 1`] = `
<Fragment>
  <BrowserRouter>
    <ErrorBoundary>
      <Route
        component={[Function]}
        exact={true}
        path="/"
      />
      <Route
        component={[Function]}
        path="/search"
      />
      <Route
        component={[Function]}
        path="/movie/:id"
      />
    </ErrorBoundary>
  </BrowserRouter>
  <Footer />
</Fragment>
`;
