// Jest Snapshot v1, https://goo.gl/fbAQLP

exports[`ErrorBoundary renders SearchArea correctly 1`] = `""`;
