// Jest Snapshot v1, https://goo.gl/fbAQLP

exports[`Footer renders Footer correctly 1`] = `
<footer
  className="mt-5"
>
  <p
    className="mb-0 ml-4 label"
  >
    netflixroulette
  </p>
</footer>
`;
