// Jest Snapshot v1, https://goo.gl/fbAQLP

exports[`SortBar renders SortBar correctly 1`] = `
<div
  className="pt-3 pb-3 gray-back"
>
  <div
    className="container"
  >
    <div
      className="row mr-3 pr-3"
    />
  </div>
</div>
`;
